
> port@0.1.0 build
> next build

node.exe : ÔÜá Warning: Next.js inferred your workspace root, but 
it may not be correct.
Au caractère Ligne:1 : 1
+ & "C:\Program Files\nodejs/node.exe" "C:\Program 
Files\nodejs/node_mo ...
+ ~~~~~~~~~~~~~~~~~~~~~~~~~~~~~~~~~~~~~~~~~~~~~~~~~~~~~~~~~~~~~~~~~
~~~~
    + CategoryInfo          : NotSpecified: (ÔÜá Warning: Ne...not 
    be correct.:String) [], RemoteException
    + FullyQualifiedErrorId : NativeCommandError
 
 We detected multiple lockfiles and selected the directory of 
C:\Users\yep\package-lock.json as the root directory.
 To silence this warning, set `turbopack.root` in your Next.js 
config, or consider removing one of the lockfiles if it's not 
needed.
   See https://nextjs.org/docs/app/api-reference/config/next-config
-js/turbopack#root-directory for more information.
 Detected additional lockfiles: 
   * C:\Users\yep\Desktop\port\package-lock.json

Ôû▓ Next.js 16.1.6 (Turbopack)

  Creating an optimized production build ...

> Build error occurred
Error: Turbopack build failed with 1 errors:
./Desktop/port
App Router and Pages Router both match path: /
Next.js does not support having both App Router and Pages Router 
routes matching the same path. Please remove one of the 
conflicting routes.


    at ignore-listed frames
